// Vitest Snapshot v1, https://vitest.dev/guide/snapshot.html

exports[`orderTermThemes (#157) > holds the whole order 1`] = `
[
  "pitch",
  "high-contrast",
  "volt",
  "prism",
  "campbell",
  "pt-default",
  "graphite",
  "monokai",
  "gruvbox-dark",
  "mist",
  "catppuccin-latte",
  "paper",
  "phosphor",
  "amber",
  "garnet",
  "plum",
  "moss",
  "rosewood",
  "tokyonight",
  "horizon",
  "dracula",
  "catppuccin-mocha",
  "kanagawa",
  "ocean",
  "umber",
  "solarized-dark",
  "synthwave",
  "marine",
  "cobalt",
  "nord",
  "retro",
  "cinder",
  "fawn",
  "sage",
  "lavender",
  "peach",
  "mint",
  "blossom",
  "sky",
  "butter",
]
`;
